[0.296s] DEBUG:colcon:Command line arguments: ['/usr/bin/colcon', 'build']
[0.296s] DEBUG:colcon:Parsed command line arguments: Namespace(log_base=None, log_level=None, verb_name='build', build_base='build', install_base='install', merge_install=False, symlink_install=False, test_result_base=None, continue_on_error=False, executor='parallel', parallel_workers=8, event_handlers=None, ignore_user_meta=False, metas=['./colcon.meta'], base_paths=['.'], packages_ignore=None, packages_ignore_regex=None, paths=None, packages_up_to=None, packages_up_to_regex=None, packages_above=None, packages_above_and_dependencies=None, packages_above_depth=None, packages_select_by_dep=None, packages_skip_by_dep=None, packages_skip_up_to=None, packages_select_build_failed=False, packages_skip_build_finished=False, packages_select_test_failures=False, packages_skip_test_passed=False, packages_select=None, packages_skip=None, packages_select_regex=None, packages_skip_regex=None, packages_start=None, packages_end=None, allow_overriding=[], cmake_args=None, cmake_target=None, cmake_target_skip_unavailable=False, cmake_clean_cache=False, cmake_clean_first=False, cmake_force_configure=False, ament_cmake_args=None, catkin_cmake_args=None, catkin_skip_building_tests=False, verb_parser=<colcon_defaults.argument_parser.defaults.DefaultArgumentsDecorator object at 0x77bbc2f712b0>, verb_extension=<colcon_core.verb.build.BuildVerb object at 0x77bbc2f70f50>, main=<bound method BuildVerb.main of <colcon_core.verb.build.BuildVerb object at 0x77bbc2f70f50>>)
[0.373s] Level 1:colcon.colcon_core.package_discovery:discover_packages(colcon_meta) check parameters
[0.373s] Level 1:colcon.colcon_core.package_discovery:discover_packages(recursive) check parameters
[0.374s] Level 1:colcon.colcon_core.package_discovery:discover_packages(ignore) check parameters
[0.374s] Level 1:colcon.colcon_core.package_discovery:discover_packages(path) check parameters
[0.374s] Level 1:colcon.colcon_core.package_discovery:discover_packages(colcon_meta) discover
[0.374s] Level 1:colcon.colcon_core.package_discovery:discover_packages(recursive) discover
[0.374s] INFO:colcon.colcon_core.package_discovery:Crawling recursively for packages in '/home/syq/Desktop/YD'
[0.374s] Level 1:colcon.colcon_core.package_identification:_identify(.) by extensions ['ignore', 'ignore_ament_install']
[0.374s] Level 1:colcon.colcon_core.package_identification:_identify(.) by extension 'ignore'
[0.375s] Level 1:colcon.colcon_core.package_identification:_identify(.) by extension 'ignore_ament_install'
[0.375s] Level 1:colcon.colcon_core.package_identification:_identify(.) by extensions ['colcon_pkg']
[0.375s] Level 1:colcon.colcon_core.package_identification:_identify(.) by extension 'colcon_pkg'
[0.375s] Level 1:colcon.colcon_core.package_identification:_identify(.) by extensions ['colcon_meta']
[0.375s] Level 1:colcon.colcon_core.package_identification:_identify(.) by extension 'colcon_meta'
[0.375s] Level 1:colcon.colcon_core.package_identification:_identify(.) by extensions ['ros']
[0.375s] Level 1:colcon.colcon_core.package_identification:_identify(.) by extension 'ros'
[0.416s] Level 1:colcon.colcon_core.package_identification:_identify(.) by extensions ['cmake', 'python']
[0.416s] Level 1:colcon.colcon_core.package_identification:_identify(.) by extension 'cmake'
[0.416s] Level 1:colcon.colcon_core.package_identification:_identify(.) by extension 'python'
[0.416s] Level 1:colcon.colcon_core.package_identification:_identify(.) by extensions ['python_setup_py']
[0.416s] Level 1:colcon.colcon_core.package_identification:_identify(.) by extension 'python_setup_py'
[0.417s] Level 1:colcon.colcon_core.package_identification:_identify(build) by extensions ['ignore', 'ignore_ament_install']
[0.417s] Level 1:colcon.colcon_core.package_identification:_identify(build) by extension 'ignore'
[0.417s] Level 1:colcon.colcon_core.package_identification:_identify(build) ignored
[0.417s] Level 1:colcon.colcon_core.package_identification:_identify(install) by extensions ['ignore', 'ignore_ament_install']
[0.417s] Level 1:colcon.colcon_core.package_identification:_identify(install) by extension 'ignore'
[0.417s] Level 1:colcon.colcon_core.package_identification:_identify(install) ignored
[0.418s] Level 1:colcon.colcon_core.package_identification:_identify(log) by extensions ['ignore', 'ignore_ament_install']
[0.418s] Level 1:colcon.colcon_core.package_identification:_identify(log) by extension 'ignore'
[0.418s] Level 1:colcon.colcon_core.package_identification:_identify(log) ignored
[0.419s] Level 1:colcon.colcon_core.package_identification:_identify(src) by extensions ['ignore', 'ignore_ament_install']
[0.419s] Level 1:colcon.colcon_core.package_identification:_identify(src) by extension 'ignore'
[0.419s] Level 1:colcon.colcon_core.package_identification:_identify(src) by extension 'ignore_ament_install'
[0.420s] Level 1:colcon.colcon_core.package_identification:_identify(src) by extensions ['colcon_pkg']
[0.420s] Level 1:colcon.colcon_core.package_identification:_identify(src) by extension 'colcon_pkg'
[0.420s] Level 1:colcon.colcon_core.package_identification:_identify(src) by extensions ['colcon_meta']
[0.420s] Level 1:colcon.colcon_core.package_identification:_identify(src) by extension 'colcon_meta'
[0.420s] Level 1:colcon.colcon_core.package_identification:_identify(src) by extensions ['ros']
[0.420s] Level 1:colcon.colcon_core.package_identification:_identify(src) by extension 'ros'
[0.420s] Level 1:colcon.colcon_core.package_identification:_identify(src) by extensions ['cmake', 'python']
[0.421s] Level 1:colcon.colcon_core.package_identification:_identify(src) by extension 'cmake'
[0.421s] Level 1:colcon.colcon_core.package_identification:_identify(src) by extension 'python'
[0.421s] Level 1:colcon.colcon_core.package_identification:_identify(src) by extensions ['python_setup_py']
[0.421s] Level 1:colcon.colcon_core.package_identification:_identify(src) by extension 'python_setup_py'
[0.421s] Level 1:colcon.colcon_core.package_identification:_identify(src/r01_test_package) by extensions ['ignore', 'ignore_ament_install']
[0.421s] Level 1:colcon.colcon_core.package_identification:_identify(src/r01_test_package) by extension 'ignore'
[0.422s] Level 1:colcon.colcon_core.package_identification:_identify(src/r01_test_package) by extension 'ignore_ament_install'
[0.422s] Level 1:colcon.colcon_core.package_identification:_identify(src/r01_test_package) by extensions ['colcon_pkg']
[0.422s] Level 1:colcon.colcon_core.package_identification:_identify(src/r01_test_package) by extension 'colcon_pkg'
[0.422s] Level 1:colcon.colcon_core.package_identification:_identify(src/r01_test_package) by extensions ['colcon_meta']
[0.422s] Level 1:colcon.colcon_core.package_identification:_identify(src/r01_test_package) by extension 'colcon_meta'
[0.422s] Level 1:colcon.colcon_core.package_identification:_identify(src/r01_test_package) by extensions ['ros']
[0.422s] Level 1:colcon.colcon_core.package_identification:_identify(src/r01_test_package) by extension 'ros'
[0.427s] DEBUG:colcon.colcon_core.package_identification:Package 'src/r01_test_package' with type 'ros.ament_cmake' and name 'r01_test_package'
[0.428s] Level 1:colcon.colcon_core.package_discovery:discover_packages(recursive) using defaults
[0.428s] Level 1:colcon.colcon_core.package_discovery:discover_packages(ignore) discover
[0.428s] Level 1:colcon.colcon_core.package_discovery:discover_packages(ignore) using defaults
[0.428s] Level 1:colcon.colcon_core.package_discovery:discover_packages(path) discover
[0.428s] Level 1:colcon.colcon_core.package_discovery:discover_packages(path) using defaults
[0.455s] Level 1:colcon.colcon_core.package_discovery:discover_packages(prefix_path) check parameters
[0.455s] Level 1:colcon.colcon_core.package_discovery:discover_packages(prefix_path) discover
[0.459s] DEBUG:colcon.colcon_installed_package_information.package_discovery:Found 382 installed packages in /opt/ros/jazzy
[0.461s] Level 1:colcon.colcon_core.package_discovery:discover_packages(prefix_path) using defaults
[0.550s] Level 5:colcon.colcon_core.verb:set package 'r01_test_package' build argument 'cmake_args' from command line to 'None'
[0.550s] Level 5:colcon.colcon_core.verb:set package 'r01_test_package' build argument 'cmake_target' from command line to 'None'
[0.550s] Level 5:colcon.colcon_core.verb:set package 'r01_test_package' build argument 'cmake_target_skip_unavailable' from command line to 'False'
[0.551s] Level 5:colcon.colcon_core.verb:set package 'r01_test_package' build argument 'cmake_clean_cache' from command line to 'False'
[0.551s] Level 5:colcon.colcon_core.verb:set package 'r01_test_package' build argument 'cmake_clean_first' from command line to 'False'
[0.551s] Level 5:colcon.colcon_core.verb:set package 'r01_test_package' build argument 'cmake_force_configure' from command line to 'False'
[0.551s] Level 5:colcon.colcon_core.verb:set package 'r01_test_package' build argument 'ament_cmake_args' from command line to 'None'
[0.551s] Level 5:colcon.colcon_core.verb:set package 'r01_test_package' build argument 'catkin_cmake_args' from command line to 'None'
[0.551s] Level 5:colcon.colcon_core.verb:set package 'r01_test_package' build argument 'catkin_skip_building_tests' from command line to 'False'
[0.551s] DEBUG:colcon.colcon_core.verb:Building package 'r01_test_package' with the following arguments: {'ament_cmake_args': None, 'build_base': '/home/syq/Desktop/YD/build/r01_test_package', 'catkin_cmake_args': None, 'catkin_skip_building_tests': False, 'cmake_args': None, 'cmake_clean_cache': False, 'cmake_clean_first': False, 'cmake_force_configure': False, 'cmake_target': None, 'cmake_target_skip_unavailable': False, 'install_base': '/home/syq/Desktop/YD/install/r01_test_package', 'merge_install': False, 'path': '/home/syq/Desktop/YD/src/r01_test_package', 'symlink_install': False, 'test_result_base': None}
[0.551s] INFO:colcon.colcon_core.executor:Executing jobs using 'parallel' executor
[0.553s] DEBUG:colcon.colcon_parallel_executor.executor.parallel:run_until_complete
[0.554s] INFO:colcon.colcon_ros.task.ament_cmake.build:Building ROS package in '/home/syq/Desktop/YD/src/r01_test_package' with build type 'ament_cmake'
[0.554s] INFO:colcon.colcon_cmake.task.cmake.build:Building CMake package in '/home/syq/Desktop/YD/src/r01_test_package'
[0.558s] INFO:colcon.colcon_core.plugin_system:Skipping extension 'colcon_core.shell.bat': Not used on non-Windows systems
[0.559s] INFO:colcon.colcon_core.shell:Skip shell extension 'powershell' for command environment: Not usable outside of PowerShell
[0.559s] DEBUG:colcon.colcon_core.shell:Skip shell extension 'dsv' for command environment
[0.579s] DEBUG:colcon.colcon_core.event_handler.log_command:Invoking command in '/home/syq/Desktop/YD/build/r01_test_package': CMAKE_PREFIX_PATH=${CMAKE_PREFIX_PATH}:/opt/ros/jazzy /usr/bin/cmake /home/syq/Desktop/YD/src/r01_test_package -DCMAKE_INSTALL_PREFIX=/home/syq/Desktop/YD/install/r01_test_package
[5.262s] DEBUG:colcon.colcon_core.event_handler.log_command:Invoked command in '/home/syq/Desktop/YD/build/r01_test_package' returned '0': CMAKE_PREFIX_PATH=${CMAKE_PREFIX_PATH}:/opt/ros/jazzy /usr/bin/cmake /home/syq/Desktop/YD/src/r01_test_package -DCMAKE_INSTALL_PREFIX=/home/syq/Desktop/YD/install/r01_test_package
[5.266s] DEBUG:colcon.colcon_core.event_handler.log_command:Invoking command in '/home/syq/Desktop/YD/build/r01_test_package': CMAKE_PREFIX_PATH=${CMAKE_PREFIX_PATH}:/opt/ros/jazzy /usr/bin/cmake --build /home/syq/Desktop/YD/build/r01_test_package -- -j8 -l8
[5.880s] DEBUG:colcon.colcon_core.event_handler.log_command:Invoked command in '/home/syq/Desktop/YD/build/r01_test_package' returned '0': CMAKE_PREFIX_PATH=${CMAKE_PREFIX_PATH}:/opt/ros/jazzy /usr/bin/cmake --build /home/syq/Desktop/YD/build/r01_test_package -- -j8 -l8
[5.906s] DEBUG:colcon.colcon_core.event_handler.log_command:Invoking command in '/home/syq/Desktop/YD/build/r01_test_package': CMAKE_PREFIX_PATH=${CMAKE_PREFIX_PATH}:/opt/ros/jazzy /usr/bin/cmake --install /home/syq/Desktop/YD/build/r01_test_package
[5.945s] Level 1:colcon.colcon_core.environment:create_environment_scripts_only(r01_test_package)
[5.947s] DEBUG:colcon.colcon_core.event_handler.log_command:Invoked command in '/home/syq/Desktop/YD/build/r01_test_package' returned '0': CMAKE_PREFIX_PATH=${CMAKE_PREFIX_PATH}:/opt/ros/jazzy /usr/bin/cmake --install /home/syq/Desktop/YD/build/r01_test_package
[5.954s] Level 1:colcon.colcon_core.environment:checking '/home/syq/Desktop/YD/install/r01_test_package' for CMake module files
[5.957s] Level 1:colcon.colcon_core.environment:checking '/home/syq/Desktop/YD/install/r01_test_package' for CMake config files
[5.958s] Level 1:colcon.colcon_core.shell:create_environment_hook('r01_test_package', 'cmake_prefix_path')
[5.959s] INFO:colcon.colcon_core.shell:Creating environment hook '/home/syq/Desktop/YD/install/r01_test_package/share/r01_test_package/hook/cmake_prefix_path.ps1'
[5.961s] INFO:colcon.colcon_core.shell:Creating environment descriptor '/home/syq/Desktop/YD/install/r01_test_package/share/r01_test_package/hook/cmake_prefix_path.dsv'
[5.963s] INFO:colcon.colcon_core.shell:Creating environment hook '/home/syq/Desktop/YD/install/r01_test_package/share/r01_test_package/hook/cmake_prefix_path.sh'
[5.965s] Level 1:colcon.colcon_core.environment:checking '/home/syq/Desktop/YD/install/r01_test_package/lib'
[5.965s] Level 1:colcon.colcon_core.environment:checking '/home/syq/Desktop/YD/install/r01_test_package/bin'
[5.965s] Level 1:colcon.colcon_core.environment:checking '/home/syq/Desktop/YD/install/r01_test_package/lib/pkgconfig/r01_test_package.pc'
[5.966s] Level 1:colcon.colcon_core.environment:checking '/home/syq/Desktop/YD/install/r01_test_package/lib/python3.12/site-packages'
[5.966s] Level 1:colcon.colcon_core.environment:checking '/home/syq/Desktop/YD/install/r01_test_package/bin'
[5.967s] INFO:colcon.colcon_core.shell:Creating package script '/home/syq/Desktop/YD/install/r01_test_package/share/r01_test_package/package.ps1'
[5.969s] INFO:colcon.colcon_core.shell:Creating package descriptor '/home/syq/Desktop/YD/install/r01_test_package/share/r01_test_package/package.dsv'
[5.970s] INFO:colcon.colcon_core.shell:Creating package script '/home/syq/Desktop/YD/install/r01_test_package/share/r01_test_package/package.sh'
[5.971s] INFO:colcon.colcon_core.shell:Creating package script '/home/syq/Desktop/YD/install/r01_test_package/share/r01_test_package/package.bash'
[5.973s] INFO:colcon.colcon_core.shell:Creating package script '/home/syq/Desktop/YD/install/r01_test_package/share/r01_test_package/package.zsh'
[5.974s] Level 1:colcon.colcon_core.environment:create_file_with_runtime_dependencies(/home/syq/Desktop/YD/install/r01_test_package/share/colcon-core/packages/r01_test_package)
[5.977s] Level 1:colcon.colcon_core.environment:create_environment_scripts_only(r01_test_package)
[5.978s] Level 1:colcon.colcon_core.environment:checking '/home/syq/Desktop/YD/install/r01_test_package' for CMake module files
[5.979s] Level 1:colcon.colcon_core.environment:checking '/home/syq/Desktop/YD/install/r01_test_package' for CMake config files
[5.979s] Level 1:colcon.colcon_core.shell:create_environment_hook('r01_test_package', 'cmake_prefix_path')
[5.980s] INFO:colcon.colcon_core.shell:Creating environment hook '/home/syq/Desktop/YD/install/r01_test_package/share/r01_test_package/hook/cmake_prefix_path.ps1'
[5.981s] INFO:colcon.colcon_core.shell:Creating environment descriptor '/home/syq/Desktop/YD/install/r01_test_package/share/r01_test_package/hook/cmake_prefix_path.dsv'
[5.982s] INFO:colcon.colcon_core.shell:Creating environment hook '/home/syq/Desktop/YD/install/r01_test_package/share/r01_test_package/hook/cmake_prefix_path.sh'
[5.983s] Level 1:colcon.colcon_core.environment:checking '/home/syq/Desktop/YD/install/r01_test_package/lib'
[5.983s] Level 1:colcon.colcon_core.environment:checking '/home/syq/Desktop/YD/install/r01_test_package/bin'
[5.984s] Level 1:colcon.colcon_core.environment:checking '/home/syq/Desktop/YD/install/r01_test_package/lib/pkgconfig/r01_test_package.pc'
[5.984s] Level 1:colcon.colcon_core.environment:checking '/home/syq/Desktop/YD/install/r01_test_package/lib/python3.12/site-packages'
[5.985s] Level 1:colcon.colcon_core.environment:checking '/home/syq/Desktop/YD/install/r01_test_package/bin'
[5.985s] INFO:colcon.colcon_core.shell:Creating package script '/home/syq/Desktop/YD/install/r01_test_package/share/r01_test_package/package.ps1'
[5.987s] INFO:colcon.colcon_core.shell:Creating package descriptor '/home/syq/Desktop/YD/install/r01_test_package/share/r01_test_package/package.dsv'
[5.989s] INFO:colcon.colcon_core.shell:Creating package script '/home/syq/Desktop/YD/install/r01_test_package/share/r01_test_package/package.sh'
[5.991s] INFO:colcon.colcon_core.shell:Creating package script '/home/syq/Desktop/YD/install/r01_test_package/share/r01_test_package/package.bash'
[5.993s] INFO:colcon.colcon_core.shell:Creating package script '/home/syq/Desktop/YD/install/r01_test_package/share/r01_test_package/package.zsh'
[5.995s] Level 1:colcon.colcon_core.environment:create_file_with_runtime_dependencies(/home/syq/Desktop/YD/install/r01_test_package/share/colcon-core/packages/r01_test_package)
[5.995s] DEBUG:colcon.colcon_parallel_executor.executor.parallel:closing loop
[5.997s] DEBUG:colcon.colcon_parallel_executor.executor.parallel:loop closed
[5.998s] DEBUG:colcon.colcon_parallel_executor.executor.parallel:run_until_complete finished with '0'
[5.998s] DEBUG:colcon.colcon_core.event_reactor:joining thread
[6.014s] INFO:colcon.colcon_core.plugin_system:Skipping extension 'colcon_notification.desktop_notification.terminal_notifier': Not used on non-Darwin systems
[6.014s] INFO:colcon.colcon_core.plugin_system:Skipping extension 'colcon_notification.desktop_notification.win32': Not used on non-Windows systems
[6.014s] INFO:colcon.colcon_notification.desktop_notification:Sending desktop notification using 'notify2'
[6.025s] DEBUG:colcon.colcon_core.event_reactor:joined thread
[6.026s] INFO:colcon.colcon_core.shell:Creating prefix script '/home/syq/Desktop/YD/install/local_setup.ps1'
[6.028s] INFO:colcon.colcon_core.shell:Creating prefix util module '/home/syq/Desktop/YD/install/_local_setup_util_ps1.py'
[6.031s] INFO:colcon.colcon_core.shell:Creating prefix chain script '/home/syq/Desktop/YD/install/setup.ps1'
[6.034s] INFO:colcon.colcon_core.shell:Creating prefix script '/home/syq/Desktop/YD/install/local_setup.sh'
[6.035s] INFO:colcon.colcon_core.shell:Creating prefix util module '/home/syq/Desktop/YD/install/_local_setup_util_sh.py'
[6.037s] INFO:colcon.colcon_core.shell:Creating prefix chain script '/home/syq/Desktop/YD/install/setup.sh'
[6.040s] INFO:colcon.colcon_core.shell:Creating prefix script '/home/syq/Desktop/YD/install/local_setup.bash'
[6.042s] INFO:colcon.colcon_core.shell:Creating prefix chain script '/home/syq/Desktop/YD/install/setup.bash'
[6.047s] INFO:colcon.colcon_core.shell:Creating prefix script '/home/syq/Desktop/YD/install/local_setup.zsh'
[6.048s] INFO:colcon.colcon_core.shell:Creating prefix chain script '/home/syq/Desktop/YD/install/setup.zsh'
